// Jest Snapshot v1, https://goo.gl/fbAQLP

exports[`error handler 1`] = `undefined`;

exports[`error handler 2`] = `undefined`;
